[
   {
      "_id":{"_id" : {"$oid":"51da9b2223064367505f8891"}, "version" : 0 },
      "taskInfo" : {
        "title" : "one"
      }
   },
   {
      "_id":{"_id" : {"$oid":"51da9b2223064367505f8892"}, "version" : 0 },
      "taskInfo" : {
        "title" : "two"
      }
   }
]
